// Jest Snapshot v1, https://goo.gl/fbAQLP

exports[`Matches shallow snapshot 1`] = `
<h1>
  Error 404: Requested resource is not found.
</h1>
`;
